Tree:
      20
      /
     10
    / \
   /   \
  5    15
 / \     \
3   9    17
         / \
        /   \
       16   19

#nodes = 9,  #leaves = 4
Infix  : 3 5 9 10 15 16 17 19 20 
Prefix : 20 10 5 3 9 15 17 16 19 
Postfix: 3 9 5 16 19 17 15 10 20 
ByLevel: 20 10 5 15 3 9 17 16 19 
